------------------------------------------------------------
Timing Analyzer Summary
------------------------------------------------------------

Type  : Slow 1200mV 85C Model Setup 'CLK'
Slack : -9.926
TNS   : -4133.935

Type  : Slow 1200mV 85C Model Setup 'process_unit:C1|mestados_p:C1|EDO.ADD_AB'
Slack : -6.614
TNS   : -12.793

Type  : Slow 1200mV 85C Model Setup 'process_unit:C1|mestados_p:C1|EDO.Decode'
Slack : -5.595
TNS   : -41.465

Type  : Slow 1200mV 85C Model Hold 'process_unit:C1|mestados_p:C1|EDO.ADD_AB'
Slack : 0.395
TNS   : 0.000

Type  : Slow 1200mV 85C Model Hold 'CLK'
Slack : 0.442
TNS   : 0.000

Type  : Slow 1200mV 85C Model Hold 'process_unit:C1|mestados_p:C1|EDO.Decode'
Slack : 1.321
TNS   : 0.000

Type  : Slow 1200mV 85C Model Minimum Pulse Width 'CLK'
Slack : -3.000
TNS   : -1404.597

Type  : Slow 1200mV 85C Model Minimum Pulse Width 'process_unit:C1|mestados_p:C1|EDO.Decode'
Slack : 0.387
TNS   : 0.000

Type  : Slow 1200mV 85C Model Minimum Pulse Width 'process_unit:C1|mestados_p:C1|EDO.ADD_AB'
Slack : 0.414
TNS   : 0.000

Type  : Slow 1200mV 0C Model Setup 'CLK'
Slack : -9.069
TNS   : -3754.541

Type  : Slow 1200mV 0C Model Setup 'process_unit:C1|mestados_p:C1|EDO.ADD_AB'
Slack : -6.237
TNS   : -12.348

Type  : Slow 1200mV 0C Model Setup 'process_unit:C1|mestados_p:C1|EDO.Decode'
Slack : -5.103
TNS   : -37.489

Type  : Slow 1200mV 0C Model Hold 'CLK'
Slack : 0.410
TNS   : 0.000

Type  : Slow 1200mV 0C Model Hold 'process_unit:C1|mestados_p:C1|EDO.ADD_AB'
Slack : 0.417
TNS   : 0.000

Type  : Slow 1200mV 0C Model Hold 'process_unit:C1|mestados_p:C1|EDO.Decode'
Slack : 1.138
TNS   : 0.000

Type  : Slow 1200mV 0C Model Minimum Pulse Width 'CLK'
Slack : -3.000
TNS   : -1404.597

Type  : Slow 1200mV 0C Model Minimum Pulse Width 'process_unit:C1|mestados_p:C1|EDO.Decode'
Slack : 0.352
TNS   : 0.000

Type  : Slow 1200mV 0C Model Minimum Pulse Width 'process_unit:C1|mestados_p:C1|EDO.ADD_AB'
Slack : 0.415
TNS   : 0.000

Type  : Fast 1200mV 0C Model Setup 'CLK'
Slack : -3.903
TNS   : -1335.094

Type  : Fast 1200mV 0C Model Setup 'process_unit:C1|mestados_p:C1|EDO.ADD_AB'
Slack : -2.849
TNS   : -3.992

Type  : Fast 1200mV 0C Model Setup 'process_unit:C1|mestados_p:C1|EDO.Decode'
Slack : -1.889
TNS   : -11.191

Type  : Fast 1200mV 0C Model Hold 'CLK'
Slack : 0.119
TNS   : 0.000

Type  : Fast 1200mV 0C Model Hold 'process_unit:C1|mestados_p:C1|EDO.ADD_AB'
Slack : 0.287
TNS   : 0.000

Type  : Fast 1200mV 0C Model Hold 'process_unit:C1|mestados_p:C1|EDO.Decode'
Slack : 0.565
TNS   : 0.000

Type  : Fast 1200mV 0C Model Minimum Pulse Width 'CLK'
Slack : -3.000
TNS   : -1031.622

Type  : Fast 1200mV 0C Model Minimum Pulse Width 'process_unit:C1|mestados_p:C1|EDO.Decode'
Slack : 0.330
TNS   : 0.000

Type  : Fast 1200mV 0C Model Minimum Pulse Width 'process_unit:C1|mestados_p:C1|EDO.ADD_AB'
Slack : 0.421
TNS   : 0.000

------------------------------------------------------------
